// Jest Snapshot v1, https://goo.gl/fbAQLP

exports[`<Remains /> component render 1`] = `
<div
  className="g-lig-remains"
  style={
    Object {
      "height": "0.1rem",
      "left": "0.1rem",
      "top": "0.1rem",
      "width": "0.1rem",
    }
  }
>
  <main
    className="remains-main"
  />
</div>
`;

exports[`<Remains /> component render 2`] = `
<div
  className="g-lig-remains"
  style={
    Object {
      "height": "0.1rem",
      "left": "0.1rem",
      "top": "0.1rem",
      "width": "0.1rem",
    }
  }
>
  <main
    className="remains-main"
  />
</div>
`;
