// Jest Snapshot v1, https://goo.gl/fbAQLP

exports[`<Player /> component render 1`] = `
<div
  className="g-lig-player"
  style={
    Object {
      "height": "0.56rem",
      "left": "0.1rem",
      "top": "0.1rem",
      "width": "0.8rem",
    }
  }
>
  <main
    className="player-main"
  />
</div>
`;

exports[`<Player /> component render 2`] = `
<div
  className="g-lig-player"
  style={
    Object {
      "height": "0.56rem",
      "left": "0.1rem",
      "top": "0.1rem",
      "width": "0.8rem",
    }
  }
>
  <main
    className="player-main"
  />
</div>
`;
