// Jest Snapshot v1, https://goo.gl/fbAQLP

exports[`<Materials /> component render 1`] = `
<div
  className="g-lig-materials"
  style={
    Object {
      "height": "0.1rem",
      "left": "0.1rem",
      "top": "0.1rem",
      "width": "0.1rem",
    }
  }
>
  <main
    className="materials-main power"
  />
</div>
`;

exports[`<Materials /> component render 2`] = `
<div
  className="g-lig-materials"
  style={
    Object {
      "height": "0.1rem",
      "left": "0.1rem",
      "top": "0.1rem",
      "width": "0.1rem",
    }
  }
>
  <main
    className="materials-main power"
  />
</div>
`;
